0 verbose cli /opt/homebrew/Cellar/node/24.4.1/bin/node /opt/homebrew/bin/npm
1 info using npm@11.4.2
2 info using node@v24.4.1
3 silly config load:file:/opt/homebrew/lib/node_modules/npm/npmrc
4 silly config load:file:/Users/code-with-a/Documents/FOM/Field-Operational-Manager/.npmrc
5 silly config load:file:/Users/code-with-a/.npmrc
6 silly config load:file:/opt/homebrew/etc/npmrc
7 verbose title npm install
8 verbose argv "install" "--no-audit" "--no-fund" "--cache" "/Users/code-with-a/Documents/FOM/Field-Operational-Manager/.npm-cache"
9 verbose logfile logs-max:10 dir:/Users/code-with-a/Documents/FOM/Field-Operational-Manager/.npm-cache/_logs/2026-01-21T18_32_39_301Z-
10 verbose logfile /Users/code-with-a/Documents/FOM/Field-Operational-Manager/.npm-cache/_logs/2026-01-21T18_32_39_301Z-debug-0.log
11 silly logfile done cleaning log files
12 silly packumentCache heap:2348810240 maxSize:587202560 maxEntrySize:293601280
13 silly idealTree buildDeps
14 silly fetch manifest @mediapipe/tasks-vision@^0.10.22
15 silly packumentCache full:https://registry.npmjs.org/@mediapipe%2ftasks-vision cache-miss
16 http fetch GET 200 https://registry.npmjs.org/npm 286ms
17 http fetch GET 200 https://registry.npmjs.org/@mediapipe%2ftasks-vision 260ms (cache miss)
18 silly packumentCache full:https://registry.npmjs.org/@mediapipe%2ftasks-vision set size:undefined disposed:false
19 silly placeDep ROOT @mediapipe/tasks-vision@ OK for: my-v0-project@0.1.0 want: ^0.10.22
20 verbose type range
21 verbose stack @mediapipe/tasks-vision: No matching version found for @mediapipe/tasks-vision@^0.10.22.
21 verbose stack     at module.exports (/opt/homebrew/lib/node_modules/npm/node_modules/npm-pick-manifest/lib/index.js:215:23)
21 verbose stack     at RegistryFetcher.manifest (/opt/homebrew/lib/node_modules/npm/node_modules/pacote/lib/registry.js:130:54)
21 verbose stack     at async #fetchManifest (/opt/homebrew/lib/node_modules/npm/node_modules/@npmcli/arborist/lib/arborist/build-ideal-tree.js:1213:20)
21 verbose stack     at async #nodeFromEdge (/opt/homebrew/lib/node_modules/npm/node_modules/@npmcli/arborist/lib/arborist/build-ideal-tree.js:1051:19)
21 verbose stack     at async #buildDepStep (/opt/homebrew/lib/node_modules/npm/node_modules/@npmcli/arborist/lib/arborist/build-ideal-tree.js:915:11)
21 verbose stack     at async Arborist.buildIdealTree (/opt/homebrew/lib/node_modules/npm/node_modules/@npmcli/arborist/lib/arborist/build-ideal-tree.js:182:7)
21 verbose stack     at async Promise.all (index 1)
21 verbose stack     at async Arborist.reify (/opt/homebrew/lib/node_modules/npm/node_modules/@npmcli/arborist/lib/arborist/reify.js:131:5)
21 verbose stack     at async Install.exec (/opt/homebrew/lib/node_modules/npm/lib/commands/install.js:149:5)
21 verbose stack     at async Npm.exec (/opt/homebrew/lib/node_modules/npm/lib/npm.js:208:9)
22 error code ETARGET
23 error notarget No matching version found for @mediapipe/tasks-vision@^0.10.22.
24 error notarget In most cases you or one of your dependencies are requesting
24 error notarget a package version that doesn't exist.
25 silly unfinished npm timer reify 1769020359628
26 silly unfinished npm timer reify:loadTrees 1769020359628
27 verbose cwd /Users/code-with-a/Documents/FOM/Field-Operational-Manager
28 verbose os Darwin 25.0.0
29 verbose node v24.4.1
30 verbose npm  v11.4.2
31 notice
31 notice New minor version of npm available! 11.4.2 -> 11.7.0
31 notice Changelog: https://github.com/npm/cli/releases/tag/v11.7.0
31 notice To update run: npm install -g npm@11.7.0
31 notice  { force: true, Symbol(proc-log.meta): true }
32 verbose exit 1
33 verbose code 1
34 error A complete log of this run can be found in: /Users/code-with-a/Documents/FOM/Field-Operational-Manager/.npm-cache/_logs/2026-01-21T18_32_39_301Z-debug-0.log
