0 verbose cli /opt/homebrew/Cellar/node/24.4.1/bin/node /opt/homebrew/bin/npm
1 info using npm@11.4.2
2 info using node@v24.4.1
3 silly config load:file:/opt/homebrew/lib/node_modules/npm/npmrc
4 silly config load:file:/Users/code-with-a/Documents/FOM/Field-Operational-Manager/.npmrc
5 silly config load:file:/Users/code-with-a/.npmrc
6 silly config load:file:/opt/homebrew/etc/npmrc
7 verbose title npm install
8 verbose argv "install" "--no-audit" "--no-fund" "--cache" "/Users/code-with-a/Documents/FOM/Field-Operational-Manager/.npm-cache"
9 verbose logfile logs-max:10 dir:/Users/code-with-a/Documents/FOM/Field-Operational-Manager/.npm-cache/_logs/2026-01-21T18_34_06_801Z-
10 verbose logfile /Users/code-with-a/Documents/FOM/Field-Operational-Manager/.npm-cache/_logs/2026-01-21T18_34_06_801Z-debug-0.log
11 silly logfile done cleaning log files
12 silly packumentCache heap:2348810240 maxSize:587202560 maxEntrySize:293601280
13 silly idealTree buildDeps
14 silly fetch manifest @mediapipe/tasks-vision@0.10.22-rc.20250304
15 silly packumentCache full:https://registry.npmjs.org/@mediapipe%2ftasks-vision cache-miss
16 http cache https://registry.npmjs.org/@mediapipe%2ftasks-vision 51ms (cache hit)
17 silly packumentCache full:https://registry.npmjs.org/@mediapipe%2ftasks-vision set size:914260 disposed:false
18 silly placeDep ROOT @mediapipe/tasks-vision@0.10.22-rc.20250304 OK for: my-v0-project@0.1.0 want: 0.10.22-rc.20250304
19 silly reify moves {}
20 verbose stack Error: EACCES: permission denied, mkdir '/Users/code-with-a/Documents/FOM/Field-Operational-Manager/node_modules/@mediapipe'
20 verbose stack     at async mkdir (node:internal/fs/promises:859:10)
20 verbose stack     at async /opt/homebrew/lib/node_modules/npm/node_modules/@npmcli/arborist/lib/arborist/reify.js:639:20
20 verbose stack     at async Promise.allSettled (index 0)
20 verbose stack     at async [reifyPackages] (/opt/homebrew/lib/node_modules/npm/node_modules/@npmcli/arborist/lib/arborist/reify.js:337:11)
20 verbose stack     at async Arborist.reify (/opt/homebrew/lib/node_modules/npm/node_modules/@npmcli/arborist/lib/arborist/reify.js:142:5)
20 verbose stack     at async Install.exec (/opt/homebrew/lib/node_modules/npm/lib/commands/install.js:149:5)
20 verbose stack     at async Npm.exec (/opt/homebrew/lib/node_modules/npm/lib/npm.js:208:9)
20 verbose stack     at async module.exports (/opt/homebrew/lib/node_modules/npm/lib/cli/entry.js:67:5)
21 error code EACCES
22 error syscall mkdir
23 error path /Users/code-with-a/Documents/FOM/Field-Operational-Manager/node_modules/@mediapipe
24 error errno -13
25 error Error: EACCES: permission denied, mkdir '/Users/code-with-a/Documents/FOM/Field-Operational-Manager/node_modules/@mediapipe'
25 error     at async mkdir (node:internal/fs/promises:859:10)
25 error     at async /opt/homebrew/lib/node_modules/npm/node_modules/@npmcli/arborist/lib/arborist/reify.js:639:20
25 error     at async Promise.allSettled (index 0)
25 error     at async [reifyPackages] (/opt/homebrew/lib/node_modules/npm/node_modules/@npmcli/arborist/lib/arborist/reify.js:337:11)
25 error     at async Arborist.reify (/opt/homebrew/lib/node_modules/npm/node_modules/@npmcli/arborist/lib/arborist/reify.js:142:5)
25 error     at async Install.exec (/opt/homebrew/lib/node_modules/npm/lib/commands/install.js:149:5)
25 error     at async Npm.exec (/opt/homebrew/lib/node_modules/npm/lib/npm.js:208:9)
25 error     at async module.exports (/opt/homebrew/lib/node_modules/npm/lib/cli/entry.js:67:5) {
25 error   errno: -13,
25 error   code: 'EACCES',
25 error   syscall: 'mkdir',
25 error   path: '/Users/code-with-a/Documents/FOM/Field-Operational-Manager/node_modules/@mediapipe'
25 error }
26 error
26 error The operation was rejected by your operating system.
26 error It is likely you do not have the permissions to access this file as the current user
26 error
26 error If you believe this might be a permissions issue, please double-check the
26 error permissions of the file and its containing directories, or try running
26 error the command again as root/Administrator.
27 silly unfinished npm timer reify 1769020447091
28 silly unfinished npm timer reify:createSparse 1769020447254
29 verbose cwd /Users/code-with-a/Documents/FOM/Field-Operational-Manager
30 verbose os Darwin 25.0.0
31 verbose node v24.4.1
32 verbose npm  v11.4.2
33 verbose exit -13
34 verbose code -13
35 error A complete log of this run can be found in: /Users/code-with-a/Documents/FOM/Field-Operational-Manager/.npm-cache/_logs/2026-01-21T18_34_06_801Z-debug-0.log
